// Jest Snapshot v1, https://goo.gl/fbAQLP

exports[`headingTheme should be defined 1`] = `
Object {
  "colors": Object {
    "dark": Object {
      "danger": "#FF7043",
      "neutral": "#fff",
      "primary": "#42A5F5",
      "success": "#66BB6A",
      "warning": "#FFEE58",
    },
    "light": Object {
      "danger": "#F4511E",
      "neutral": "#161616",
      "primary": "#1E88E5",
      "success": "#43A047",
      "warning": "#FDD835",
    },
  },
  "common": Object {
    "fontFamily": "Lato, Arial, Helvetica, sans-serif",
    "fontWeight": 700,
  },
  "onBackground": Object {
    "dark": Object {
      "danger": Object {
        "neutral": "#161616",
      },
      "primary": Object {
        "neutral": "#161616",
      },
      "success": Object {
        "neutral": "#161616",
      },
      "warning": Object {
        "neutral": "#161616",
      },
    },
    "light": Object {
      "danger": Object {
        "neutral": "#fff",
      },
      "primary": Object {
        "neutral": "#fff",
      },
      "success": Object {
        "neutral": "#fff",
      },
      "warning": Object {
        "neutral": "#fff",
      },
    },
  },
  "opacities": Object {
    "high": 1,
    "low": 0.6,
    "normal": 0.8,
  },
  "sizings": Object {
    "h1": Object {
      "fontSize": "3rem",
    },
    "h2": Object {
      "fontSize": "2.5rem",
    },
    "h3": Object {
      "fontSize": "2rem",
    },
    "h4": Object {
      "fontSize": "1.5rem",
    },
    "h5": Object {
      "fontSize": "1.25rem",
    },
    "h6": Object {
      "fontSize": "1rem",
    },
  },
}
`;
