// Jest Snapshot v1, https://goo.gl/fbAQLP

exports[`headingTheme should be defined 1`] = `
Object {
  "colors": Object {
    "dark": Object {
      "danger": "#e57373",
      "neutral": "#fff",
      "primary": "#64b5f6",
      "success": "#81c784",
      "warning": "#fff176",
    },
    "light": Object {
      "danger": "#f44336",
      "neutral": "#161616",
      "primary": "#2196f3",
      "success": "#4caf50",
      "warning": "#ffeb3b",
    },
  },
  "common": Object {
    "fontFamily": "Lato, Arial, Helvetica, sans-serif",
    "fontWeight": 700,
  },
  "onBackground": Object {
    "dark": Object {
      "danger": Object {
        "neutral": "#161616",
      },
      "primary": Object {
        "neutral": "#161616",
      },
      "success": Object {
        "neutral": "#161616",
      },
      "warning": Object {
        "neutral": "#161616",
      },
    },
    "light": Object {
      "danger": Object {
        "neutral": "#fff",
      },
      "primary": Object {
        "neutral": "#fff",
      },
      "success": Object {
        "neutral": "#fff",
      },
      "warning": Object {
        "neutral": "#fff",
      },
    },
  },
  "opacities": Object {
    "high": 1,
    "low": 0.6,
    "normal": 0.8,
  },
  "sizings": Object {
    "h1": Object {
      "fontSize": "3rem",
    },
    "h2": Object {
      "fontSize": "2.5rem",
    },
    "h3": Object {
      "fontSize": "2rem",
    },
    "h4": Object {
      "fontSize": "1.5rem",
    },
    "h5": Object {
      "fontSize": "1.25rem",
    },
    "h6": Object {
      "fontSize": "1rem",
    },
  },
}
`;
