// Jest Snapshot v1, https://goo.gl/fbAQLP

exports[`<Heading /> should render correctly with custom props 1`] = `
<h3
  class="StyledHeading-fbinjh-0 iVjatf"
  color="primary"
>
  children
</h3>
`;

exports[`<Heading /> should render correctly with default props 1`] = `
<h1
  class="StyledHeading-fbinjh-0 jjppnR"
  color="neutral"
>
  children
</h1>
`;
