// Jest Snapshot v1, https://goo.gl/fbAQLP

exports[`formTheme should be defined 1`] = `
Object {
  "inline": Object {
    "common": Object {
      "fontFamily": "Lato, Arial, Helvetica, sans-serif",
      "fontSize": "1rem",
    },
    "dark": Object {
      "states": Object {
        "invalid": Object {
          "borderColor": "#F4511E",
          "color": "#F4511E",
        },
        "valid": Object {
          "active": Object {
            "borderColor": "#1E88E5",
          },
          "disabled": Object {
            "borderColor": "rgba(206,212,218,0.2)",
            "color": "rgba(255,255,255,0.2)",
          },
          "hover": Object {
            "borderColor": "#dee2e6",
          },
          "normal": Object {
            "color": "#fff",
          },
        },
      },
    },
    "light": Object {
      "states": Object {
        "invalid": Object {
          "borderColor": "#F4511E",
          "color": "#F4511E",
        },
        "valid": Object {
          "active": Object {
            "borderColor": "#1E88E5",
            "color": "#495057",
          },
          "disabled": Object {
            "backgroundColor": "#f8f9fa",
            "borderColor": "#dee2e6",
            "color": "#868e96",
          },
          "hover": Object {
            "borderColor": "#dee2e6",
            "color": "#495057",
          },
          "normal": Object {
            "color": "#495057",
          },
        },
      },
    },
  },
  "misc": Object {
    "common": Object {},
    "states": Object {
      "invalid": Object {
        "borderColor": "#F4511E",
      },
      "valid": Object {
        "active": Object {
          "borderColor": "#1E88E5",
        },
        "checked": Object {
          "backgroundColor": "#1E88E5",
          "borderColor": undefined,
        },
        "normal": Object {
          "borderColor": "#dee2e6",
        },
      },
    },
  },
  "regular": Object {
    "common": Object {
      "fontFamily": "Lato, Arial, Helvetica, sans-serif",
      "fontSize": "1rem",
    },
    "dark": Object {
      "states": Object {
        "invalid": Object {
          "borderColor": "#FF8A65",
          "color": "#FF8A65",
        },
        "valid": Object {
          "active": Object {
            "borderColor": "#42A5F5",
          },
          "disabled": Object {
            "borderColor": "rgba(206,212,218,0.2)",
            "color": "rgba(255,255,255,0.2)",
          },
          "normal": Object {
            "borderColor": "#ced4da",
            "color": "#fff",
          },
        },
      },
    },
    "light": Object {
      "states": Object {
        "invalid": Object {
          "borderColor": "#F4511E",
          "color": "#F4511E",
        },
        "valid": Object {
          "active": Object {
            "borderColor": "#1E88E5",
          },
          "disabled": Object {
            "backgroundColor": "#f8f9fa",
            "color": "#868e96",
          },
          "normal": Object {
            "borderColor": "#ced4da",
            "color": "#495057",
          },
        },
      },
    },
  },
  "toggle": Object {
    "states": Object {
      "checked": Object {
        "backgroundColor": "#1E88E5",
      },
      "normal": Object {
        "backgroundColor": "#ced4da",
      },
    },
  },
}
`;
