// Jest Snapshot v1, https://goo.gl/fbAQLP

exports[`formTheme should be defined 1`] = `
Object {
  "inline": Object {
    "common": Object {
      "fontFamily": "Lato, Arial, Helvetica, sans-serif",
      "fontSize": "1rem",
    },
    "states": Object {
      "invalid": Object {
        "backgroundColor": "transparent",
        "borderColor": "#f44336",
        "color": "#f44336",
      },
      "valid": Object {
        "active": Object {
          "backgroundColor": "transparent",
          "borderColor": "#2196f3",
          "color": "#495057",
        },
        "disabled": Object {
          "backgroundColor": "#f8f9fa",
          "borderColor": "#dee2e6",
          "color": "#868e96",
        },
        "hover": Object {
          "backgroundColor": "transparent",
          "borderColor": "#dee2e6",
          "color": "#495057",
        },
        "normal": Object {
          "backgroundColor": "transparent",
          "borderColor": "transparent",
          "color": "#495057",
        },
      },
    },
  },
  "misc": Object {
    "common": Object {},
    "states": Object {
      "invalid": Object {
        "backgroundColor": "transparent",
        "borderColor": "#f44336",
      },
      "valid": Object {
        "active": Object {
          "backgroundColor": "transparent",
          "borderColor": "#2196f3",
        },
        "checked": Object {
          "backgroundColor": "#2196f3",
          "borderColor": "transparent",
        },
        "normal": Object {
          "backgroundColor": "transparent",
          "borderColor": "#dee2e6",
        },
      },
    },
  },
  "regular": Object {
    "common": Object {
      "fontFamily": "Lato, Arial, Helvetica, sans-serif",
      "fontSize": "1rem",
    },
    "states": Object {
      "invalid": Object {
        "backgroundColor": "#fff",
        "borderColor": "#f44336",
        "color": "#f44336",
      },
      "valid": Object {
        "active": Object {
          "backgroundColor": "#fff",
          "borderColor": "#2196f3",
          "color": "#495057",
        },
        "disabled": Object {
          "backgroundColor": "#f8f9fa",
          "borderColor": "#dee2e6",
          "color": "#868e96",
        },
        "normal": Object {
          "backgroundColor": "#fff",
          "borderColor": "#dee2e6",
          "color": "#495057",
        },
      },
    },
  },
  "toggle": Object {
    "states": Object {
      "checked": Object {
        "backgroundColor": "#2196f3",
      },
      "normal": Object {
        "backgroundColor": "#ced4da",
      },
    },
  },
}
`;
