// Jest Snapshot v1, https://goo.gl/fbAQLP

exports[`textTheme should be defined 1`] = `
Object {
  "colors": Object {
    "danger": "#f44336",
    "neutral1000": "#161616",
    "neutral600": "#868e96",
    "neutral800": "#343a40",
    "primary": "#2196f3",
    "success": "#4caf50",
    "warning": "#ffeb3b",
  },
  "common": Object {
    "fontFamily": "Lato, Arial, Helvetica, sans-serif",
    "fontWeight": 400,
  },
  "sizings": Object {
    "l": Object {
      "fontSize": "1.25rem",
    },
    "m": Object {
      "fontSize": "1rem",
    },
    "s": Object {
      "fontSize": ".875rem",
    },
    "xs": Object {
      "fontSize": ".75rem",
    },
  },
}
`;
