// Jest Snapshot v1, https://goo.gl/fbAQLP

exports[`buttonTheme should be defined 1`] = `
Object {
  "btnTypes": Object {
    "danger": Object {
      "active": Object {
        "backgroundColor": "#d32f2f",
        "borderColor": "transparent",
        "color": "#fff",
      },
      "hover": Object {
        "backgroundColor": "#e53935",
        "borderColor": "transparent",
        "color": "#fff",
      },
      "normal": Object {
        "backgroundColor": "#f44336",
        "borderColor": "transparent",
        "color": "#fff",
      },
    },
    "default": Object {
      "active": Object {
        "backgroundColor": "#adb5bd",
        "borderColor": "transparent",
        "color": "#161616",
      },
      "hover": Object {
        "backgroundColor": "#bec5cc",
        "borderColor": "transparent",
        "color": "#161616",
      },
      "normal": Object {
        "backgroundColor": "#ced4da",
        "borderColor": "transparent",
        "color": "#161616",
      },
    },
    "primary": Object {
      "active": Object {
        "backgroundColor": "#1976d2",
        "borderColor": "transparent",
        "color": "#fff",
      },
      "hover": Object {
        "backgroundColor": "#1e88e5",
        "borderColor": "transparent",
        "color": "#fff",
      },
      "normal": Object {
        "backgroundColor": "#2196f3",
        "borderColor": "transparent",
        "color": "#fff",
      },
    },
  },
  "common": Object {
    "fontFamily": "Lato, Arial, Helvetica, sans-serif",
    "fontWeight": "700",
  },
  "sizings": Object {
    "l": Object {
      "fontSize": "1.375rem",
      "lineHeight": "3.375rem",
      "padding": "0 2.5rem",
    },
    "m": Object {
      "fontSize": "1rem",
      "lineHeight": "2.375rem",
      "padding": "0 1.875rem",
    },
    "s": Object {
      "fontSize": ".875rem",
      "lineHeight": "1.75rem",
      "padding": "0 1rem",
    },
  },
}
`;
