// Jest Snapshot v1, https://goo.gl/fbAQLP

exports[`<ToggleCheckbox /> should render <input> tag with type checkbox 1`] = `
<input
  class="ToggleCheckbox-sc-1nmpw1g-0 xTgPR"
  type="checkbox"
/>
`;

exports[`<ToggleCheckbox /> should render correctly with default props 1`] = `
<input
  class="ToggleCheckbox-sc-1nmpw1g-0 xTgPR"
  type="checkbox"
/>
`;
