// Jest Snapshot v1, https://goo.gl/fbAQLP

exports[`colorBox should be defined 1`] = `
Object {
  "bgColors": Object {
    "danger": "#f44336",
    "dark": "#ced4da",
    "darker": "#adb5bd",
    "darkest": "#868e96",
    "inherit": "inherit",
    "light": "#e9ecef",
    "lighter": "#f8f9fa",
    "lightest": "#fafafa",
    "normal": "#dee2e6",
    "primary": "#2196f3",
    "success": "#4caf50",
    "transparent": "transparent",
    "warning": "#ffeb3b",
    "washedDanger": "#ffebee",
    "washedPrimary": "#e3f2fd",
    "washedSuccess": "#e8f5e9",
    "washedWarning": "#fffde7",
    "white": "#fff",
  },
  "elevations": Object {
    "1": "0 3px 1px -2px rgba(0,0,0,.2), 0 2px 2px 0 rgba(0,0,0,.14), 0 1px 5px 0 rgba(0,0,0,.12)",
    "2": "0 2px 4px -1px rgba(0,0,0,.2), 0 4px 5px 0 rgba(0,0,0,.14), 0 1px 10px 0 rgba(0,0,0,.12)",
  },
}
`;
