// Jest Snapshot v1, https://goo.gl/fbAQLP

exports[`colorBox should be defined 1`] = `
Object {
  "bgColors": Object {
    "danger500": "#f44336",
    "neutral0": "#fff",
    "neutral100": "#f8f9fa",
    "neutral1000": "#161616",
    "neutral200": "#e9ecef",
    "neutral300": "#dee2e6",
    "neutral400": "#ced4da",
    "neutral500": "#adb5bd",
    "neutral600": "#868e96",
    "neutral700": "#495057",
    "neutral800": "#343a40",
    "neutral900": "#212529",
    "primary500": "#2196f3",
    "success500": "#4caf50",
    "warning500": "#ffeb3b",
  },
  "elevations": Object {
    "1": "0 3px 1px -2px rgba(0,0,0,.2), 0 2px 2px 0 rgba(0,0,0,.14), 0 1px 5px 0 rgba(0,0,0,.12)",
    "2": "0 2px 4px -1px rgba(0,0,0,.2), 0 4px 5px 0 rgba(0,0,0,.14), 0 1px 10px 0 rgba(0,0,0,.12)",
  },
}
`;
