// Jest Snapshot v1, https://goo.gl/fbAQLP

exports[`<StyledRadio /> should render <input> tag with type radio 1`] = `
<input
  class="StyledRadio-sc-1q7ubkv-0 iAEpwQ"
  type="radio"
/>
`;

exports[`<StyledRadio /> should render correctly 1`] = `
<input
  class="StyledRadio-sc-1q7ubkv-0 iAEpwQ"
  type="radio"
/>
`;
