// Jest Snapshot v1, https://goo.gl/fbAQLP

exports[`colors should be defined 1`] = `
Object {
  "danger400": "#FF8A65",
  "danger600": "#F4511E",
  "neutral0": "#fff",
  "neutral100": "#f8f9fa",
  "neutral1000": "#161616",
  "neutral400": "#ced4da",
  "neutral600": "#868e96",
  "primary400": "#42A5F5",
  "primary600": "#1E88E5",
  "success400": "#66BB6A",
  "success600": "#43A047",
  "warning400": "#FFEE58",
  "warning600": "#FDD835",
}
`;
