// Jest Snapshot v1, https://goo.gl/fbAQLP

exports[`colors should be defined 1`] = `
Object {
  "danger500": "#f44336",
  "neutral0": "#fff",
  "neutral100": "#f8f9fa",
  "neutral1000": "#161616",
  "neutral200": "#e9ecef",
  "neutral300": "#dee2e6",
  "neutral400": "#ced4da",
  "neutral50": "#fafafa",
  "neutral500": "#adb5bd",
  "neutral600": "#868e96",
  "neutral700": "#495057",
  "neutral800": "#343a40",
  "neutral900": "#212529",
  "primary500": "#2196f3",
  "success500": "#4caf50",
  "warning500": "#ffeb3b",
}
`;
