// Jest Snapshot v1, https://goo.gl/fbAQLP

exports[`colors should be defined 1`] = `
Object {
  "danger400": "#FF7043",
  "danger600": "#F4511E",
  "neutral0": "#fff",
  "neutral100": "#f8f9fa",
  "neutral1000": "#161616",
  "neutral200": "#e9ecef",
  "neutral300": "#dee2e6",
  "neutral400": "#ced4da",
  "neutral500": "#adb5bd",
  "neutral600": "#868e96",
  "neutral700": "#495057",
  "neutral800": "#343a40",
  "neutral900": "#212529",
  "primary400": "#42A5F5",
  "primary600": "#1E88E5",
  "success400": "#66BB6A",
  "success600": "#43A047",
  "warning400": "#FFEE58",
  "warning600": "#FDD835",
}
`;
