// Jest Snapshot v1, https://goo.gl/fbAQLP

exports[`theme should be defined 1`] = `
Object {
  "uiKit": Object {
    "button": Object {
      "btnTypes": Object {
        "danger": Object {
          "active": Object {
            "backgroundColor": "#d2190b",
          },
          "hover": Object {
            "backgroundColor": "#ea1c0d",
          },
          "normal": Object {
            "backgroundColor": "#f44336",
            "color": "#fff",
          },
        },
        "default": Object {
          "active": Object {
            "backgroundColor": "#60686f",
          },
          "hover": Object {
            "backgroundColor": "#6c757d",
          },
          "normal": Object {
            "backgroundColor": "#868e96",
            "color": "#fff",
          },
        },
        "primary": Object {
          "active": Object {
            "backgroundColor": "#0a6ebd",
          },
          "hover": Object {
            "backgroundColor": "#0c7cd5",
          },
          "normal": Object {
            "backgroundColor": "#2196f3",
            "color": "#fff",
          },
        },
      },
      "common": Object {
        "fontFamily": "Lato, Arial, Helvetica, sans-serif",
        "fontWeight": "700",
      },
      "sizings": Object {
        "l": Object {
          "fontSize": "1.375rem",
          "lineHeight": "3.375rem",
          "padding": "0 2.5rem",
        },
        "m": Object {
          "fontSize": "1rem",
          "lineHeight": "2.375rem",
          "padding": "0 1.875rem",
        },
        "s": Object {
          "fontSize": ".875rem",
          "lineHeight": "1.75rem",
          "padding": "0 1rem",
        },
      },
    },
    "colorBox": Object {
      "bgColors": Object {
        "dark": Object {
          "danger": "#e57373",
          "neutral": "#161616",
          "primary": "#64b5f6",
          "success": "#81c784",
          "warning": "#fff176",
        },
        "light": Object {
          "danger": "#f44336",
          "neutral": "#fff",
          "primary": "#2196f3",
          "success": "#4caf50",
          "warning": "#ffeb3b",
        },
      },
      "elevations": Object {
        "dark": Object {
          "1": Object {
            "backgroundColor": "#1e1e1e",
          },
          "2": Object {
            "backgroundColor": "#252525",
          },
        },
        "light": Object {
          "1": Object {
            "boxShadow": "0 3px 1px -2px rgba(0,0,0,.2), 0 2px 2px 0 rgba(0,0,0,.14), 0 1px 5px 0 rgba(0,0,0,.12)",
          },
          "2": Object {
            "boxShadow": "0 2px 4px -1px rgba(0,0,0,.2), 0 4px 5px 0 rgba(0,0,0,.14), 0 1px 10px 0 rgba(0,0,0,.12)",
          },
        },
      },
    },
    "colors": Object {
      "danger300": "#e57373",
      "danger500": "#f44336",
      "neutral0": "#fff",
      "neutral100": "#f8f9fa",
      "neutral1000": "#161616",
      "neutral200": "#e9ecef",
      "neutral300": "#dee2e6",
      "neutral400": "#ced4da",
      "neutral500": "#adb5bd",
      "neutral600": "#868e96",
      "neutral700": "#495057",
      "neutral800": "#343a40",
      "neutral900": "#212529",
      "primary300": "#64b5f6",
      "primary500": "#2196f3",
      "success300": "#81c784",
      "success500": "#4caf50",
      "warning300": "#fff176",
      "warning500": "#ffeb3b",
    },
    "form": Object {
      "inline": Object {
        "common": Object {
          "fontFamily": "Lato, Arial, Helvetica, sans-serif",
          "fontSize": "1rem",
        },
        "states": Object {
          "invalid": Object {
            "borderColor": "#f44336",
            "color": "#f44336",
          },
          "valid": Object {
            "active": Object {
              "borderColor": "#2196f3",
              "color": "#495057",
            },
            "disabled": Object {
              "backgroundColor": "#f8f9fa",
              "borderColor": "#dee2e6",
              "color": "#868e96",
            },
            "hover": Object {
              "borderColor": "#dee2e6",
              "color": "#495057",
            },
            "normal": Object {
              "color": "#495057",
            },
          },
        },
      },
      "misc": Object {
        "common": Object {},
        "states": Object {
          "invalid": Object {
            "borderColor": "#f44336",
          },
          "valid": Object {
            "active": Object {
              "borderColor": "#2196f3",
            },
            "checked": Object {
              "backgroundColor": "#2196f3",
              "borderColor": undefined,
            },
            "normal": Object {
              "borderColor": "#dee2e6",
            },
          },
        },
      },
      "regular": Object {
        "common": Object {
          "fontFamily": "Lato, Arial, Helvetica, sans-serif",
          "fontSize": "1rem",
        },
        "states": Object {
          "invalid": Object {
            "borderColor": "#f44336",
            "color": "#f44336",
          },
          "valid": Object {
            "active": Object {
              "borderColor": "#2196f3",
              "color": "#495057",
            },
            "disabled": Object {
              "backgroundColor": "#f8f9fa",
              "borderColor": "#dee2e6",
              "color": "#868e96",
            },
            "normal": Object {
              "borderColor": "#dee2e6",
              "color": "#495057",
            },
          },
        },
      },
      "toggle": Object {
        "states": Object {
          "checked": Object {
            "backgroundColor": "#2196f3",
          },
          "normal": Object {
            "backgroundColor": "#ced4da",
          },
        },
      },
    },
    "heading": Object {
      "colors": Object {
        "dark": Object {
          "danger": "#e57373",
          "neutral": "#fff",
          "primary": "#64b5f6",
          "success": "#81c784",
          "warning": "#fff176",
        },
        "light": Object {
          "danger": "#f44336",
          "neutral": "#161616",
          "primary": "#2196f3",
          "success": "#4caf50",
          "warning": "#ffeb3b",
        },
      },
      "common": Object {
        "fontFamily": "Lato, Arial, Helvetica, sans-serif",
        "fontWeight": 700,
      },
      "onBackground": Object {
        "dark": Object {
          "danger": Object {
            "neutral": "#161616",
          },
          "primary": Object {
            "neutral": "#161616",
          },
          "success": Object {
            "neutral": "#161616",
          },
          "warning": Object {
            "neutral": "#161616",
          },
        },
        "light": Object {
          "danger": Object {
            "neutral": "#fff",
          },
          "primary": Object {
            "neutral": "#fff",
          },
          "success": Object {
            "neutral": "#fff",
          },
          "warning": Object {
            "neutral": "#fff",
          },
        },
      },
      "opacities": Object {
        "high": 1,
        "low": 0.6,
        "normal": 0.8,
      },
      "sizings": Object {
        "h1": Object {
          "fontSize": "3rem",
        },
        "h2": Object {
          "fontSize": "2.5rem",
        },
        "h3": Object {
          "fontSize": "2rem",
        },
        "h4": Object {
          "fontSize": "1.5rem",
        },
        "h5": Object {
          "fontSize": "1.25rem",
        },
        "h6": Object {
          "fontSize": "1rem",
        },
      },
    },
    "link": Object {
      "common": Object {
        "fontFamily": "Lato, Arial, Helvetica, sans-serif",
      },
      "linkTypes": Object {
        "dark": Object {
          "default": Object {
            "hover": Object {
              "color": "#94ccf9",
            },
            "normal": Object {
              "color": "#64b5f6",
            },
          },
          "muted": Object {
            "hover": Object {
              "color": "#ebeef0",
            },
            "normal": Object {
              "color": "#ced4da",
            },
          },
        },
        "light": Object {
          "default": Object {
            "hover": Object {
              "color": "#0c7cd5",
            },
            "normal": Object {
              "color": "#2196f3",
            },
          },
          "muted": Object {
            "hover": Object {
              "color": "#6c757d",
            },
            "normal": Object {
              "color": "#868e96",
            },
          },
        },
      },
    },
    "mode": "light",
    "text": Object {
      "colors": Object {
        "dark": Object {
          "danger": "#e57373",
          "neutral": "#fff",
          "primary": "#64b5f6",
          "success": "#81c784",
          "warning": "#fff176",
        },
        "light": Object {
          "danger": "#f44336",
          "neutral": "#161616",
          "primary": "#2196f3",
          "success": "#4caf50",
          "warning": "#ffeb3b",
        },
      },
      "onBackground": Object {
        "dark": Object {
          "danger": Object {
            "neutral": "#161616",
          },
          "primary": Object {
            "neutral": "#161616",
          },
          "success": Object {
            "neutral": "#161616",
          },
          "warning": Object {
            "neutral": "#161616",
          },
        },
        "light": Object {
          "danger": Object {
            "neutral": "#fff",
          },
          "primary": Object {
            "neutral": "#fff",
          },
          "success": Object {
            "neutral": "#fff",
          },
          "warning": Object {
            "neutral": "#fff",
          },
        },
      },
      "opacities": Object {
        "high": 1,
        "low": 0.6,
        "normal": 0.8,
      },
      "sizings": Object {
        "l": Object {
          "fontSize": "1.25rem",
        },
        "m": Object {
          "fontSize": "1rem",
        },
        "s": Object {
          "fontSize": ".875rem",
        },
        "xs": Object {
          "fontSize": ".75rem",
        },
      },
    },
    "typography": Object {
      "baseFontSize": 16,
      "baseLineHeight": 1.5,
    },
  },
}
`;
