// Jest Snapshot v1, https://goo.gl/fbAQLP

exports[`linkTheme should be defined 1`] = `
Object {
  "common": Object {
    "fontFamily": "Lato, Arial, Helvetica, sans-serif",
  },
  "linkTypes": Object {
    "default": Object {
      "dark": Object {
        "hover": Object {
          "color": "#72bcf8",
        },
        "normal": Object {
          "color": "#42A5F5",
        },
      },
      "light": Object {
        "hover": Object {
          "color": "#166dba",
        },
        "normal": Object {
          "color": "#1E88E5",
        },
      },
    },
    "muted": Object {
      "dark": Object {
        "hover": Object {
          "color": "#ebeef0",
        },
        "normal": Object {
          "color": "#ced4da",
        },
      },
      "light": Object {
        "hover": Object {
          "color": "#6c757d",
        },
        "normal": Object {
          "color": "#868e96",
        },
      },
    },
  },
}
`;
