// Jest Snapshot v1, https://goo.gl/fbAQLP

exports[`linkTheme should be defined 1`] = `
Object {
  "common": Object {
    "fontFamily": "Lato, Arial, Helvetica, sans-serif",
  },
  "linkTypes": Object {
    "default": Object {
      "hover": Object {
        "color": "#0c7cd5",
      },
      "normal": Object {
        "color": "#2196f3",
      },
    },
    "muted": Object {
      "hover": Object {
        "color": "#6c757d",
      },
      "normal": Object {
        "color": "#868e96",
      },
    },
  },
}
`;
